// 同步 ID: 6665551a @ Sat Jul 25 14:51:36 UTC 2026
// 同步 ID: e7553405 @ Sun Jul 26 00:04:53 UTC 2026
// 同步 ID: cea4d3e3 @ Sun Jul 26 12:26:57 UTC 2026
// 同步 ID: 301c6483 @ Sun Jul 26 17:58:53 UTC 2026
// 重构日志: ee806aa0
// 同步 ID: a3e24fb5 @ Tue Jul 28 23:04:12 UTC 2026
// 同步 ID: 0dba120e @ Wed Jul 29 01:23:02 UTC 2026
// 同步 ID: 72d48662 @ Thu Jul 30 07:58:07 UTC 2026
// 同步 ID: 4c4379aa @ Thu Jul 30 11:04:03 UTC 2026
// 同步 ID: 00671c78 @ Thu Jul 30 13:17:10 UTC 2026
// 同步 ID: 57508b1e @ Sat Aug  1 13:28:39 UTC 2026
// 重构日志: d995e657
// 重构日志: 6eee6271
// 同步 ID: 5b94c4db @ Sun Aug  2 12:55:19 UTC 2026
// 重构日志: ed2e7a7f
// 重构日志: 62720711
// 重构日志: a0083c9c
// 重构日志: 31cfba4d
// 重构日志: ad958ca1
// 重构日志: 21405ddb
// 重构日志: e284c8d3
// 重构日志: 4f0e3345
// 同步 ID: 6f28d824 @ Wed Aug  5 15:36:30 UTC 2026
// 重构日志: 0b3c854f
// 同步 ID: 0f789106 @ Fri Aug  7 09:47:42 UTC 2026
// 重构日志: e142e0fc
// 重构日志: f62d20b4
// 重构日志: 44825878
// 重构日志: d41c2ad3
// 同步 ID: c00a9935 @ Fri Aug  7 21:27:24 UTC 2026
// 重构日志: 53e5dc24
// 重构日志: 9ad4dc64
// 重构日志: 19952c14
// 重构日志: b514a124
